// Jest Snapshot v1, https://goo.gl/fbAQLP

exports[`Tests for Register Component Register component should match with snapshot 1`] = `ShallowWrapper {}`;
