// Jest Snapshot v1, https://goo.gl/fbAQLP

exports[`Tests for Footer Component Footer component should match with snapshot 1`] = `ShallowWrapper {}`;
