// Jest Snapshot v1, https://goo.gl/fbAQLP

exports[`Tests for Signin Component Signin component should match with snapshot 1`] = `ShallowWrapper {}`;
